Benchmark starting at Tue Jul 28 21:24:38 EDT 2026
============================================================
  LoCoMo Benchmark for Spacetime-Memory
============================================================

Connecting to SpacetimeDB...
  Connected (token: eyJ0eXAiOiJKV1Qi...)
Downloading LoCoMo dataset from https://raw.githubusercontent.com/snap-research/locomo/main/data/locomo10.json...
  Loaded 10 conversations
  Filtered to 1 conversation(s)

──────────────────────────────────────────────────
  Conversation 1: conv-26
──────────────────────────────────────────────────
  Workspace ID: a50ec661e62d450ca78a1c8f3d5dacbf
  Ingesting conversation...
  Ingested 419 turns
  Running QA (100 questions)...
    Q1/199 [temporal] CORRECT: When did Caroline go to the LGBTQ support group?...
    Q2/199 [temporal] WRONG: When did Melanie paint a sunrise?...
    Q3/199 [multi-hop] CORRECT: What fields would Caroline be likely to pursue in her educat...
    Q4/199 [single-hop] CORRECT: What did Caroline research?...
    Q5/199 [single-hop] WRONG: What is Caroline's identity?...
    Q6/199 [temporal] WRONG: When did Melanie run a charity race?...
    Q7/199 [temporal] CORRECT: When is Melanie planning on going camping?...
    Q8/199 [single-hop] WRONG: What is Caroline's relationship status?...
    Q9/199 [temporal] CORRECT: When did Caroline give a speech at a school?...
    Q10/199 [temporal] CORRECT: When did Caroline meet up with her friends, family, and ment...
    Q11/199 [temporal] WRONG: How long has Caroline had her current group of friends for?...
    Q12/199 [single-hop] CORRECT: Where did Caroline move from 4 years ago?...
    Q13/199 [temporal] WRONG: How long ago was Caroline's 18th birthday?...
    Q14/199 [single-hop] CORRECT: What career path has Caroline decided to persue?...
    Q15/199 [multi-hop] WRONG: Would Caroline still want to pursue counseling as a career i...
    Q16/199 [single-hop] WRONG: What activities does Melanie partake in?...
    Q17/199 [temporal] CORRECT: When did Melanie sign up for a pottery class?...
    Q18/199 [temporal] CORRECT: When is Caroline going to the transgender conference?...
    Q19/199 [single-hop] WRONG: Where has Melanie camped?...
    Q20/199 [single-hop] WRONG: What do Melanie's kids like?...
    Q21/199 [temporal] WRONG: When did Melanie go to the museum?...
    Q22/199 [temporal] CORRECT: When did Caroline have a picnic?...
    Q23/199 [multi-hop] WRONG: Would Caroline likely have Dr. Seuss books on her bookshelf?...
    Q24/199 [single-hop] WRONG: What books has Melanie read?...
    Q25/199 [single-hop] WRONG: What does Melanie do to destress?...
    Q26/199 [temporal] WRONG: When did Caroline go to the LGBTQ conference?...
    Q27/199 [temporal] WRONG: When did Melanie read the book "nothing is impossible"?...
    Q28/199 [multi-hop] WRONG: Would Caroline pursue writing as a career option?...
    Q29/199 [temporal] WRONG: When did Caroline go to the adoption meeting?...
    Q30/199 [temporal] CORRECT: When did Melanie go to the pottery workshop?...
    Q31/199 [multi-hop] WRONG: Would Melanie be considered a member of the LGBTQ community?...
    Q32/199 [temporal] CORRECT: When did Melanie go camping in June?...
    Q33/199 [single-hop] WRONG: What LGBTQ+ events has Caroline participated in?...
    Q34/199 [temporal] WRONG: When did Caroline go to a pride parade during the summer?...
    Q35/199 [single-hop] WRONG: What events has Caroline participated in to help children?...
    Q36/199 [temporal] WRONG: When did Melanie go camping in July?...
    Q37/199 [temporal] WRONG: When did Caroline join a mentorship program?...
    Q38/199 [single-hop] WRONG: What did Melanie paint recently?...
    Q39/199 [single-hop] CORRECT: What activities has Melanie done with her family?...
    Q40/199 [single-hop] CORRECT: In what ways is Caroline participating in the LGBTQ communit...
    Q41/199 [single-hop] WRONG: How many times has Melanie gone to the beach in 2023?...
    Q42/199 [temporal] CORRECT: When did Caroline join a new activist group?...
    Q43/199 [multi-hop] CORRECT: Would Melanie be more interested in going to a national park...
    Q44/199 [single-hop] WRONG: What kind of art does Caroline make?...
    Q45/199 [temporal] CORRECT: When is Melanie's daughter's birthday?...
    Q46/199 [temporal] CORRECT: When did Caroline attend a pride parade in August?...
    Q47/199 [multi-hop] CORRECT: Would Melanie be considered an ally to the transgender commu...
    Q48/199 [single-hop] CORRECT: Who supports Caroline when she has a negative experience?...
    Q49/199 [single-hop] WRONG: What types of pottery have Melanie and her kids made?...
    Q50/199 [temporal] WRONG: When did Caroline and Melanie go to a pride fesetival togeth...
    Q51/199 [multi-hop] WRONG: What would Caroline's political leaning likely be?...
    Q52/199 [single-hop] WRONG: What has Melanie painted?...
    Q53/199 [single-hop] WRONG: What are Melanie's pets' names?...
    Q54/199 [temporal] CORRECT: When did Caroline apply to adoption agencies?...
    Q55/199 [temporal] CORRECT: When did Caroline draw a self-portrait?...
    Q56/199 [single-hop] WRONG: What subject have Caroline and Melanie both painted?...
    Q57/199 [single-hop] WRONG: What symbols are important to Caroline?...
    Q58/199 [temporal] CORRECT: When did Caroline encounter people on a hike and have a nega...
    Q59/199 [temporal] CORRECT: When did Melanie make a plate in pottery class?...
    Q60/199 [multi-hop] WRONG: Would Caroline be considered religious?...
    Q61/199 [single-hop] WRONG: What instruments does Melanie play?...
    Q62/199 [single-hop] WRONG: What musical artists/bands has Melanie seen?...
    Q63/199 [temporal] WRONG: When did Melanie go to the park?...
    Q64/199 [temporal] WRONG: When is Caroline's youth center putting on a talent show?...
    Q65/199 [multi-hop] WRONG: Would Melanie likely enjoy the song "The Four Seasons" by Vi...
    Q66/199 [single-hop] WRONG: What are some changes Caroline has faced during her transiti...
    Q67/199 [single-hop] WRONG: What does Melanie do with her family on hikes?...
    Q68/199 [temporal] CORRECT: When did Caroline go biking with friends?...
    Q69/199 [temporal] WRONG: How long has Melanie been practicing art?...
    Q70/199 [multi-hop] WRONG: What personality traits might Melanie say Caroline has?...
